✚ generating ImageRepository
► applying ImageRepository
✔ ImageRepository created
◎ waiting for ImageRepository reconciliation
✔ ImageRepository reconciliation completed
