✚ generating ImagePolicy
► applying ImagePolicy
✔ ImageRepository created
◎ waiting for ImagePolicy reconciliation
✔ ImagePolicy reconciliation completed
