NAME          	READY	MESSAGE                                                               	LATEST IMAGE                       
podinfo-semver	True 	Latest image tag for 'ghcr.io/stefanprodan/podinfo' resolved to: 5.0.3	ghcr.io/stefanprodan/podinfo:5.0.3	
