---
apiVersion: source.toolkit.fluxcd.io/v1beta2
kind: HelmRepository
metadata:
  name: podinfo
  namespace: {{ .fluxns }}
spec:
  interval: 5m0s
  secretRef:
    name: creds
  type: oci
  url: oci://ghcr.io/stefanprodan/charts/podinfo

