► deleting source oci thrfg in {{ .ns }} namespace
✔ source oci deleted
