---
apiVersion: source.toolkit.fluxcd.io/v1beta2
kind: OCIRepository
metadata:
  name: podinfo
  namespace: flux-system
spec:
  interval: 10m0s
  ref:
    tag: 6.1.6
  secretRef:
    name: creds
  url: ghcr.io/stefanprodan/manifests/podinfo

