► annotating OCIRepository thrfg in {{ .ns }} namespace
✔ OCIRepository annotated
◎ waiting for OCIRepository reconciliation
✔ fetched revision 6.1.6/dbdb109711ffb3be77504d2670dbe13c24dd63d8d7f1fb489d350e5bfe930dd3
