► resuming source oci thrfg in {{ .ns }} namespace
✔ source oci resumed
◎ waiting for OCIRepository reconciliation
✔ OCIRepository reconciliation completed
✔ fetched revision dbdb109711ffb3be77504d2670dbe13c24dd63d8d7f1fb489d350e5bfe930dd3
