► suspending source oci thrfg in {{ .ns }} namespace
✔ source oci suspended
