---
apiVersion: source.toolkit.fluxcd.io/v1beta2
kind: GitRepository
metadata:
  name: podinfo
  namespace: default
spec:
  ignore: |-
    .cosign
    non-existent-dir/
  interval: 1m0s
  ref:
    branch: master
  url: https://github.com/stefanprodan/podinfo

