✚ generating GitRepository source
► applying GitRepository source
✔ GitRepository source created
◎ waiting for GitRepository source reconciliation
✔ GitRepository source reconciliation completed
✔ fetched revision: v1
