Kustomization/{{ .fluxns }}/flux-system
├── Kustomization/{{ .fluxns }}/infrastructure
│   └── HelmRepository/cert-manager/cert-manager
└── GitRepository/{{ .fluxns }}/flux-system

