► checking prerequisites
✔ Kubernetes {{ .serverVersion }} >=1.20.6-0
✔ prerequisites checks passed
