► Deployment/default/podinfo created
► HorizontalPodAutoscaler/default/podinfo created
► Service/default/podinfo created
► Secret/default/podinfo-token-77t89m9b67 drifted

data
  - one map entry removed:     + one map entry added:
    drift-key: "*****"           token: "*****"

► Secret/default/db-user-pass-bkbd782d2c created
