► Deployment/default/podinfo created
► HorizontalPodAutoscaler/default/podinfo created
► Service/default/podinfo created
► Secret/default/podinfo-token-77t89m9b67 created
► Secret/default/db-user-pass-bkbd782d2c drifted

data.password
  ± value change
    - ******
    + *****

