► Deployment/default/podinfo created
► HorizontalPodAutoscaler/default/podinfo created
► Service/default/podinfo created
► Secret/default/db-user-pass-bkbd782d2c created
