► Deployment/default/podinfo created
► HorizontalPodAutoscaler/default/podinfo created
► Service/default/podinfo drifted

spec.ports
  ⇆ order changed
    - http, grpc
    + grpc, http

spec.ports.http.port
  ± value change
    - 9899
    + 9898

► Secret/default/podinfo-token-77t89m9b67 created
► Secret/default/db-user-pass-bkbd782d2c created
