► deleting kustomizations tkfg in {{ .ns }} namespace
✔ kustomizations deleted
