► suspending kustomizations tkfg in {{ .ns }} namespace
✔ kustomizations suspended
