
Object:         deployment/podinfo
Namespace:      {{ .ns }}
Status:         Managed by Flux
---
HelmRelease:    podinfo
Namespace:      {{ .ns }}
Revision:       6.0.0
Status:         Last reconciled at {{ .helmReleaseLastReconcile }}
Message:        Release reconciliation succeeded
---
HelmChart:      podinfo-podinfo
Namespace:      {{ .fluxns }}
Chart:          podinfo
Version:        6.0.0
Revision:       6.0.0
Status:         Last reconciled at {{ .helmChartLastReconcile }}
Message:        Fetched revision: 6.0.0
---
HelmRepository: podinfo
Namespace:      {{ .fluxns }}
URL:            https://stefanprodan.github.io/podinfo
Revision:       8411f23d07d3701f0e96e7d9e503b7936d7e1d56
Status:         Last reconciled at {{ .helmRepositoryLastReconcile }}
Message:        Fetched revision: 8411f23d07d3701f0e96e7d9e503b7936d7e1d56
