► deleting helmreleases thrfg in thrfg namespace
✔ helmreleases deleted
