NAME 	REVISION	SUSPENDED	READY	MESSAGE                          
thrfg	6.0.0   	False    	True 	Release reconciliation succeeded	
