► resuming helmreleases thrfg in {{ .ns }} namespace
✔ helmreleases resumed
◎ waiting for HelmRelease reconciliation
✔ HelmRelease reconciliation completed
✔ applied revision 6.0.0
