► suspending helmrelease thrfg in {{ .ns }} namespace
✔ helmrelease suspended
